
> react-typescript-starter@0.1.0 test
> react-scripts test --coverage

Browserslist: caniuse-lite is outdated. Please run:
  npx browserslist@latest --update-db
  Why you should do it regularly: https://github.com/browserslist/browserslist#browsers-data-updating
PASS src/nested.test.ts
PASS src/arrays.test.ts
PASS src/objects.test.ts
  ● Console

    console.log
      # Addition
      What is 2+2?

      at toMarkdown (src/objects.ts:93:13)

    console.log
      # Letters
      What is the last letter of the English alphabet?

      at toMarkdown (src/objects.ts:93:13)

    console.log
      # Colors
      Which of these is a color?- red
      - apple
      - firetruck

      at toMarkdown (src/objects.ts:90:17)

    console.log
      # Shapes
      What shape can you make with one line?- square
      - triangle
      - circle

      at toMarkdown (src/objects.ts:90:17)

PASS src/functions.test.ts
PASS src/HtmlCss.test.tsx
PASS src/text.test.tsx
PASS src/App.test.tsx
----------------|---------|----------|---------|---------|-------------------
File            | % Stmts | % Branch | % Funcs | % Lines | Uncovered Line #s 
----------------|---------|----------|---------|---------|-------------------
All files       |   99.42 |    98.11 |     100 |   99.37 |                   
 src            |   99.42 |    98.11 |     100 |   99.37 |                   
  App.tsx       |     100 |      100 |     100 |     100 |                   
  arrays.ts     |     100 |      100 |     100 |     100 |                   
  functions.ts  |     100 |      100 |     100 |     100 |                   
  nested.ts     |     100 |      100 |     100 |     100 |                   
  objects.ts    |   96.55 |    83.33 |     100 |   96.55 | 51                
 src/interfaces |       0 |        0 |       0 |       0 |                   
  answer.ts     |       0 |        0 |       0 |       0 |                   
  question.ts   |       0 |        0 |       0 |       0 |                   
----------------|---------|----------|---------|---------|-------------------

Test Suites: 7 passed, 7 total
Tests:       50 passed, 50 total
Snapshots:   0 total
Time:        4.606 s
Ran all test suites.
